FM_TEST_BEGIN 2026-09-24T16:26:37Z tests/fm-task-delivery.test.sh family=pure-contract-unit expected_gate_skip=none
ok - fm-spawn/fm-promote: authorized intent preserves exact words and refuses operator-address lines
not ok - firstmate no-mistakes did not name its dispatcher before the worker identity
FM_TEST_END 2026-09-24T16:26:43Z tests/fm-task-delivery.test.sh exit=1 duration_ms=5905 gate_skip=false
FM_TEST_BEGIN 2026-09-24T16:26:43Z tests/fm-spawn-dispatch-profile.test.sh family=backend-dispatch expected_gate_skip=none
ok - allowlist=absent preserves the operational floor and filters only when opted in
ok - allowlist=missing-config preserves the operational floor and filters only when opted in
ok - allowlist=enabled preserves the operational floor and filters only when opted in
ok - allowlist=empty preserves the operational floor and filters only when opted in
ok - invalid allowlist names refuse before launch or task publication
ok - inaccessible config with present allowlist refuses before launch or task publication
ok - inaccessible config with absent allowlist refuses before launch or task publication
ok - inaccessible ancestor with present allowlist refuses before launch or task publication
ok - inaccessible ancestor with absent allowlist refuses before launch or task publication
ok - secondmate launch inherits the allowlist for subsequent worker launches
ok - local inheritance preserves the allowlist on source errors and mirrors proven absence
ok - remote inheritance preserves the allowlist on source errors and mirrors proven absence
not ok - heading no-mistakes did not say who dispatched the brief before asserting the worker identity
FM_TEST_END 2026-09-24T16:26:57Z tests/fm-spawn-dispatch-profile.test.sh exit=1 duration_ms=14807 gate_skip=false
FM_TEST_SUMMARY total=2 failed=2 skipped_gate=0 duration_ms=20796
FM_TEST_SUMMARY_FAMILY family=backend-dispatch count=1 duration_ms=14807 failed=1
FM_TEST_SUMMARY_FAMILY family=pure-contract-unit count=1 duration_ms=5905 failed=1
FM_TEST_SLOWEST rank=1 script=tests/fm-spawn-dispatch-profile.test.sh duration_ms=14807
FM_TEST_SLOWEST rank=2 script=tests/fm-task-delivery.test.sh duration_ms=5905
